ben


Nurettin@DESKTOP-GJE9GP6 MINGW64 ~
$ cd desktop

Nurettin@DESKTOP-GJE9GP6 MINGW64 ~/desktop
$ git clone https://github.com/nurettinbayram/deneme2.git
Cloning into 'deneme2'...
warning: You appear to have cloned an empty repository.

Nurettin@DESKTOP-GJE9GP6 MINGW64 ~/desktop
$ cd deneme2

Nurettin@DESKTOP-GJE9GP6 MINGW64 ~/desktop/deneme2 (master)
$ git status
On branch master

No commits yet

Untracked files:
  (use "git add <file>..." to include in what will be committed)
        index.txt

nothing added to commit but untracked files present (use "git add" to track)

Nurettin@DESKTOP-GJE9GP6 MINGW64 ~/desktop/deneme2 (master)
$ git add .

Nurettin@DESKTOP-GJE9GP6 MINGW64 ~/desktop/deneme2 (master)
$ git status
On branch master

No commits yet

Changes to be committed:
  (use "git rm --cached <file>..." to unstage)
        new file:   index.txt


Nurettin@DESKTOP-GJE9GP6 MINGW64 ~/desktop/deneme2 (master)
$ git commit -m "index oluştu"
[master (root-commit) 3f09d91] index oluştu
 1 file changed, 1 insertion(+)
 create mode 100644 index.txt

Nurettin@DESKTOP-GJE9GP6 MINGW64 ~/desktop/deneme2 (master)
$ git push
Enumerating objects: 3, done.
Counting objects: 100% (3/3), done.
Writing objects: 100% (3/3), 224 bytes | 4.00 KiB/s, done.
Total 3 (delta 0), reused 0 (delta 0), pack-reused 0
To https://github.com/nurettinbayram/deneme2.git
 * [new branch]      master -> master

Nurettin@DESKTOP-GJE9GP6 MINGW64 ~/desktop/deneme2 (master)
$
